Archive member included to satisfy reference by file (symbol)

/usr/lib/gcc/avr/5.4.0/avr5/libgcc.a(_udivmodqi4.o)
                              obj/Release/Scheduler/Task5/Task5.o (__udivmodqi4)
/usr/lib/gcc/avr/5.4.0/avr5/libgcc.a(_udivmodsi4.o)
                              obj/Release/utilis/SSD1306.o (__udivmodsi4)
/usr/lib/gcc/avr/5.4.0/avr5/libgcc.a(_exit.o)
                              /usr/lib/gcc/avr/5.4.0/../../../avr/lib/avr5/crtatmega328p.o (exit)
/usr/lib/gcc/avr/5.4.0/avr5/libgcc.a(_copy_data.o)
                              obj/Release/Scheduler/Task1/Task1.o (__do_copy_data)
/usr/lib/gcc/avr/5.4.0/avr5/libgcc.a(_clear_bss.o)
                              obj/Release/Scheduler/OS/OS.o (__do_clear_bss)
/usr/lib/gcc/avr/5.4.0/../../../avr/lib/avr5/libm.a(addsf3.o)
                              obj/Release/utilis/SSD1306.o (__subsf3)
/usr/lib/gcc/avr/5.4.0/../../../avr/lib/avr5/libm.a(addsf3x.o)
                              /usr/lib/gcc/avr/5.4.0/../../../avr/lib/avr5/libm.a(addsf3.o) (__addsf3x)
/usr/lib/gcc/avr/5.4.0/../../../avr/lib/avr5/libm.a(fixunssfsi.o)
                              obj/Release/utilis/SSD1306.o (__fixunssfsi)
/usr/lib/gcc/avr/5.4.0/../../../avr/lib/avr5/libm.a(floatsisf.o)
                              obj/Release/utilis/SSD1306.o (__floatunsisf)
/usr/lib/gcc/avr/5.4.0/../../../avr/lib/avr5/libm.a(fp_inf.o)
                              /usr/lib/gcc/avr/5.4.0/../../../avr/lib/avr5/libm.a(addsf3x.o) (__fp_inf)
/usr/lib/gcc/avr/5.4.0/../../../avr/lib/avr5/libm.a(fp_nan.o)
                              /usr/lib/gcc/avr/5.4.0/../../../avr/lib/avr5/libm.a(addsf3x.o) (__fp_nan)
/usr/lib/gcc/avr/5.4.0/../../../avr/lib/avr5/libm.a(fp_pscA.o)
                              /usr/lib/gcc/avr/5.4.0/../../../avr/lib/avr5/libm.a(addsf3x.o) (__fp_pscA)
/usr/lib/gcc/avr/5.4.0/../../../avr/lib/avr5/libm.a(fp_pscB.o)
                              /usr/lib/gcc/avr/5.4.0/../../../avr/lib/avr5/libm.a(addsf3x.o) (__fp_pscB)
/usr/lib/gcc/avr/5.4.0/../../../avr/lib/avr5/libm.a(fp_round.o)
                              /usr/lib/gcc/avr/5.4.0/../../../avr/lib/avr5/libm.a(addsf3.o) (__fp_round)
/usr/lib/gcc/avr/5.4.0/../../../avr/lib/avr5/libm.a(fp_split3.o)
                              /usr/lib/gcc/avr/5.4.0/../../../avr/lib/avr5/libm.a(addsf3x.o) (__fp_split3)
/usr/lib/gcc/avr/5.4.0/../../../avr/lib/avr5/libm.a(fp_zero.o)
                              /usr/lib/gcc/avr/5.4.0/../../../avr/lib/avr5/libm.a(addsf3x.o) (__fp_zero)
/usr/lib/gcc/avr/5.4.0/../../../avr/lib/avr5/libm.a(mulsf3.o)
                              obj/Release/utilis/SSD1306.o (__mulsf3)
/usr/lib/gcc/avr/5.4.0/../../../avr/lib/avr5/libm.a(mulsf3x.o)
                              /usr/lib/gcc/avr/5.4.0/../../../avr/lib/avr5/libm.a(mulsf3.o) (__mulsf3x)

Allocating common symbols
Common symbol       size              file

sumlevel            0x1               obj/Release/Scheduler/Task5/Task5.o
flag                0x1               obj/Release/Scheduler/Task0/Task0.o
OledLineNum         0x1               obj/Release/utilis/SSD1306.o
OledCursorPos       0x1               obj/Release/utilis/SSD1306.o
level               0x1               obj/Release/Scheduler/Task5/Task5.o
adc_level           0x2               obj/Release/Scheduler/Task4/Task4.o
but                 0x1               obj/Release/Scheduler/Task0/Task0.o

Memory Configuration

Name             Origin             Length             Attributes
text             0x0000000000000000 0x0000000000020000 xr
data             0x0000000000800060 0x000000000000ffa0 rw !x
eeprom           0x0000000000810000 0x0000000000010000 rw !x
fuse             0x0000000000820000 0x0000000000000003 rw !x
lock             0x0000000000830000 0x0000000000000400 rw !x
signature        0x0000000000840000 0x0000000000000400 rw !x
user_signatures  0x0000000000850000 0x0000000000000400 rw !x
*default*        0x0000000000000000 0xffffffffffffffff

Linker script and memory map

Address of section .data set to 0x800100
LOAD /usr/lib/gcc/avr/5.4.0/../../../avr/lib/avr5/crtatmega328p.o
LOAD obj/Release/fuse.o
LOAD obj/Release/main.o
LOAD obj/Release/Scheduler/OS/OS.o
LOAD obj/Release/Scheduler/Task0/Task0.o
LOAD obj/Release/Scheduler/Task1/Task1.o
LOAD obj/Release/Scheduler/Task2/Task2.o
LOAD obj/Release/Scheduler/Task3/Task3.o
LOAD obj/Release/Scheduler/Task4/Task4.o
LOAD obj/Release/Scheduler/Task5/Task5.o
LOAD obj/Release/utilis/i2c.o
LOAD obj/Release/utilis/lcd.o
LOAD obj/Release/utilis/ledNbutton.o
LOAD obj/Release/utilis/SSD1306.o
LOAD obj/Release/utilis/utils.o
START GROUP
LOAD /usr/lib/gcc/avr/5.4.0/avr5/libgcc.a
LOAD /usr/lib/gcc/avr/5.4.0/../../../avr/lib/avr5/libm.a
LOAD /usr/lib/gcc/avr/5.4.0/../../../avr/lib/avr5/libc.a
LOAD /usr/lib/gcc/avr/5.4.0/../../../avr/lib/avr5/libatmega328p.a
END GROUP
                0x0000000000000000                __TEXT_REGION_ORIGIN__ = DEFINED (__TEXT_REGION_ORIGIN__)?__TEXT_REGION_ORIGIN__:0x0
                0x0000000000800060                __DATA_REGION_ORIGIN__ = DEFINED (__DATA_REGION_ORIGIN__)?__DATA_REGION_ORIGIN__:0x800060
                0x0000000000020000                __TEXT_REGION_LENGTH__ = DEFINED (__TEXT_REGION_LENGTH__)?__TEXT_REGION_LENGTH__:0x20000
                0x000000000000ffa0                __DATA_REGION_LENGTH__ = DEFINED (__DATA_REGION_LENGTH__)?__DATA_REGION_LENGTH__:0xffa0
                0x0000000000010000                __EEPROM_REGION_LENGTH__ = DEFINED (__EEPROM_REGION_LENGTH__)?__EEPROM_REGION_LENGTH__:0x10000
                [0x0000000000000003]                __FUSE_REGION_LENGTH__ = DEFINED (__FUSE_REGION_LENGTH__)?__FUSE_REGION_LENGTH__:0x400
                0x0000000000000400                __LOCK_REGION_LENGTH__ = DEFINED (__LOCK_REGION_LENGTH__)?__LOCK_REGION_LENGTH__:0x400
                0x0000000000000400                __SIGNATURE_REGION_LENGTH__ = DEFINED (__SIGNATURE_REGION_LENGTH__)?__SIGNATURE_REGION_LENGTH__:0x400
                0x0000000000000400                __USER_SIGNATURE_REGION_LENGTH__ = DEFINED (__USER_SIGNATURE_REGION_LENGTH__)?__USER_SIGNATURE_REGION_LENGTH__:0x400

.hash
 *(.hash)

.dynsym
 *(.dynsym)

.dynstr
 *(.dynstr)

.gnu.version
 *(.gnu.version)

.gnu.version_d
 *(.gnu.version_d)

.gnu.version_r
 *(.gnu.version_r)

.rel.init
 *(.rel.init)

.rela.init
 *(.rela.init)

.rel.text
 *(.rel.text)
 *(.rel.text.*)
 *(.rel.gnu.linkonce.t*)

.rela.text
 *(.rela.text)
 *(.rela.text.*)
 *(.rela.gnu.linkonce.t*)

.rel.fini
 *(.rel.fini)

.rela.fini
 *(.rela.fini)

.rel.rodata
 *(.rel.rodata)
 *(.rel.rodata.*)
 *(.rel.gnu.linkonce.r*)

.rela.rodata
 *(.rela.rodata)
 *(.rela.rodata.*)
 *(.rela.gnu.linkonce.r*)

.rel.data
 *(.rel.data)
 *(.rel.data.*)
 *(.rel.gnu.linkonce.d*)

.rela.data
 *(.rela.data)
 *(.rela.data.*)
 *(.rela.gnu.linkonce.d*)

.rel.ctors
 *(.rel.ctors)

.rela.ctors
 *(.rela.ctors)

.rel.dtors
 *(.rel.dtors)

.rela.dtors
 *(.rela.dtors)

.rel.got
 *(.rel.got)

.rela.got
 *(.rela.got)

.rel.bss
 *(.rel.bss)

.rela.bss
 *(.rela.bss)

.rel.plt
 *(.rel.plt)

.rela.plt
 *(.rela.plt)

.text           0x0000000000000000     0x172a
 *(.vectors)
 .vectors       0x0000000000000000       0x68 /usr/lib/gcc/avr/5.4.0/../../../avr/lib/avr5/crtatmega328p.o
                0x0000000000000000                __vectors
                0x0000000000000000                __vector_default
 *(.vectors)
 *(.progmem.gcc*)
                0x0000000000000068                . = ALIGN (0x2)
                0x0000000000000068                __trampolines_start = .
 *(.trampolines)
 .trampolines   0x0000000000000068        0x0 linker stubs
 *(.trampolines*)
                0x0000000000000068                __trampolines_end = .
 *libprintf_flt.a:*(.progmem.data)
 *libc.a:*(.progmem.data)
 *(.progmem*)
                0x0000000000000068                . = ALIGN (0x2)
 *(.jumptables)
 *(.jumptables*)
 *(.lowtext)
 *(.lowtext*)
                0x0000000000000068                __ctors_start = .
 *(.ctors)
                0x0000000000000068                __ctors_end = .
                0x0000000000000068                __dtors_start = .
 *(.dtors)
                0x0000000000000068                __dtors_end = .
 SORT(*)(.ctors)
 SORT(*)(.dtors)
 *(.init0)
 .init0         0x0000000000000068        0x0 /usr/lib/gcc/avr/5.4.0/../../../avr/lib/avr5/crtatmega328p.o
                0x0000000000000068                __init
 *(.init0)
 *(.init1)
 *(.init1)
 *(.init2)
 .init2         0x0000000000000068        0xc /usr/lib/gcc/avr/5.4.0/../../../avr/lib/avr5/crtatmega328p.o
 *(.init2)
 *(.init3)
 *(.init3)
 *(.init4)
 .init4         0x0000000000000074       0x16 /usr/lib/gcc/avr/5.4.0/avr5/libgcc.a(_copy_data.o)
                0x0000000000000074                __do_copy_data
 .init4         0x000000000000008a       0x10 /usr/lib/gcc/avr/5.4.0/avr5/libgcc.a(_clear_bss.o)
                0x000000000000008a                __do_clear_bss
 *(.init4)
 *(.init5)
 *(.init5)
 *(.init6)
 *(.init6)
 *(.init7)
 *(.init7)
 *(.init8)
 *(.init8)
 *(.init9)
 .init9         0x000000000000009a        0x8 /usr/lib/gcc/avr/5.4.0/../../../avr/lib/avr5/crtatmega328p.o
 *(.init9)
 *(.text)
 .text          0x00000000000000a2        0x4 /usr/lib/gcc/avr/5.4.0/../../../avr/lib/avr5/crtatmega328p.o
                0x00000000000000a2                __vector_22
                0x00000000000000a2                __vector_1
                0x00000000000000a2                __vector_24
                0x00000000000000a2                __vector_12
                0x00000000000000a2                __bad_interrupt
                0x00000000000000a2                __vector_6
                0x00000000000000a2                __vector_3
                0x00000000000000a2                __vector_23
                0x00000000000000a2                __vector_25
                0x00000000000000a2                __vector_11
                0x00000000000000a2                __vector_17
                0x00000000000000a2                __vector_19
                0x00000000000000a2                __vector_7
                0x00000000000000a2                __vector_5
                0x00000000000000a2                __vector_4
                0x00000000000000a2                __vector_9
                0x00000000000000a2                __vector_2
                0x00000000000000a2                __vector_21
                0x00000000000000a2                __vector_15
                0x00000000000000a2                __vector_8
                0x00000000000000a2                __vector_14
                0x00000000000000a2                __vector_10
                0x00000000000000a2                __vector_16
                0x00000000000000a2                __vector_18
                0x00000000000000a2                __vector_20
 .text          0x00000000000000a6        0x0 obj/Release/fuse.o
 .text          0x00000000000000a6       0x54 obj/Release/main.o
                0x00000000000000a6                __vector_13
 .text          0x00000000000000fa      0x12c obj/Release/Scheduler/OS/OS.o
                0x00000000000000fa                OS_TaskCreate
                0x000000000000013e                OS_TaskTimer
                0x0000000000000178                OS_TaskExecution
                0x00000000000001b6                OS_GetTaskSate
                0x00000000000001ca                OS_GetTaskBurstTime
                0x00000000000001dc                OS_GetTaskCntTime
                0x00000000000001ee                OS_SetTaskSate
                0x0000000000000202                OS_SetTaskBurstTime
                0x0000000000000214                OS_SetTaskCntTime
 .text          0x0000000000000226       0x6c obj/Release/Scheduler/Task0/Task0.o
                0x0000000000000226                Task0_LED_n_BUT
 .text          0x0000000000000292       0xb2 obj/Release/Scheduler/Task1/Task1.o
                0x0000000000000292                Task1_LCD
 .text          0x0000000000000344       0x26 obj/Release/Scheduler/Task2/Task2.o
                0x0000000000000344                Task2_OLED
 .text          0x000000000000036a       0x64 obj/Release/Scheduler/Task3/Task3.o
                0x000000000000036a                Task3_Rele
 .text          0x00000000000003ce        0xe obj/Release/Scheduler/Task4/Task4.o
                0x00000000000003ce                Task4_adc
 .text          0x00000000000003dc      0x1de obj/Release/Scheduler/Task5/Task5.o
                0x00000000000003dc                Task5_statusMaker
 .text          0x00000000000005ba      0x134 obj/Release/utilis/i2c.o
                0x00000000000005ba                i2c_init
                0x00000000000005cc                i2c_tx_start
                0x00000000000005f8                i2c_tx_address
                0x0000000000000658                i2c_tx_byte
                0x0000000000000688                i2c_timeout
                0x000000000000069e                i2c_rx_byte
                0x00000000000006da                i2c_tx_stop
 .text          0x00000000000006ee      0x1f4 obj/Release/utilis/lcd.o
                0x00000000000006ee                lcd_port_init_4Bit
                0x00000000000006fe                map_data_port
                0x000000000000074a                lcd_write_nibble
                0x0000000000000762                lcd_write_byte
                0x000000000000078a                lcd_write_cmd_with_delay
                0x00000000000007be                lcd_write_cmd_byte
                0x00000000000007d8                lcd_busy_wait
                0x00000000000007f8                lcd_begin
                0x000000000000088e                lcd_set_cursor
                0x00000000000008ba                lcd_print
 .text          0x00000000000008e2      0x102 obj/Release/utilis/ledNbutton.o
                0x00000000000008e2                ledClr
                0x00000000000008f8                ledSet
                0x000000000000090c                ledTog
                0x0000000000000920                getButtonSta
                0x0000000000000948                getButtonPrs
                0x0000000000000994                adc_read
                0x00000000000009ba                releClr
                0x00000000000009d0                releSet
 .text          0x00000000000009e4      0x8cc obj/Release/utilis/SSD1306.o
                0x00000000000009e4                oledSendStart
                0x00000000000009f6                oledSendStop
                0x00000000000009fa                oledSendByte
                0x00000000000009fe                oledSendCommand
                0x0000000000000a1a                OLED_Clear
                0x0000000000000a90                OLED_Init
                0x0000000000000b72                OLED_SetCursor
                0x0000000000000b7e                OLED_ScrollMessage
                0x0000000000000c50                OLED_GoToLine
                0x0000000000000c60                OLED_GoToNextLine
                0x0000000000000c72                OLED_DisplayChar
                0x0000000000000ce4                OLED_DisplayString
                0x0000000000000cfc                OLED_DisplayNumber
                0x0000000000000e36                OLED_DisplayFloatNumber
                0x0000000000000ea4                OLED_Printf
                0x0000000000001156                OLED_VerticalGraph
                0x00000000000011f6                OLED_HorizontalGraph
                0x000000000000125a                OLED_DisplayLogo
                0x0000000000001292                OLED_EnableInversion
                0x0000000000001298                OLED_DisableInversion
                0x000000000000129e                OLED_SetBrightness
 .text          0x00000000000012b0       0x5c obj/Release/utilis/utils.o
                0x00000000000012b0                configureLEDs
                0x00000000000012b8                configureLCD
                0x00000000000012cc                coifigureButtons
                0x00000000000012d4                cofigureWaterLevel
                0x00000000000012ea                configureReles
                0x0000000000001308                configureOLED
 .text          0x000000000000130c        0x0 /usr/lib/gcc/avr/5.4.0/avr5/libgcc.a(_udivmodqi4.o)
 .text          0x000000000000130c        0x0 /usr/lib/gcc/avr/5.4.0/avr5/libgcc.a(_udivmodsi4.o)
 .text          0x000000000000130c        0x0 /usr/lib/gcc/avr/5.4.0/avr5/libgcc.a(_exit.o)
 .text          0x000000000000130c        0x0 /usr/lib/gcc/avr/5.4.0/avr5/libgcc.a(_copy_data.o)
 .text          0x000000000000130c        0x0 /usr/lib/gcc/avr/5.4.0/avr5/libgcc.a(_clear_bss.o)
 .text          0x000000000000130c        0x0 /usr/lib/gcc/avr/5.4.0/../../../avr/lib/avr5/libm.a(addsf3.o)
 .text          0x000000000000130c        0x0 /usr/lib/gcc/avr/5.4.0/../../../avr/lib/avr5/libm.a(addsf3x.o)
 .text          0x000000000000130c        0x0 /usr/lib/gcc/avr/5.4.0/../../../avr/lib/avr5/libm.a(fixunssfsi.o)
 .text          0x000000000000130c        0x0 /usr/lib/gcc/avr/5.4.0/../../../avr/lib/avr5/libm.a(floatsisf.o)
 .text          0x000000000000130c        0x0 /usr/lib/gcc/avr/5.4.0/../../../avr/lib/avr5/libm.a(fp_inf.o)
 .text          0x000000000000130c        0x0 /usr/lib/gcc/avr/5.4.0/../../../avr/lib/avr5/libm.a(fp_nan.o)
 .text          0x000000000000130c        0x0 /usr/lib/gcc/avr/5.4.0/../../../avr/lib/avr5/libm.a(fp_pscA.o)
 .text          0x000000000000130c        0x0 /usr/lib/gcc/avr/5.4.0/../../../avr/lib/avr5/libm.a(fp_pscB.o)
 .text          0x000000000000130c        0x0 /usr/lib/gcc/avr/5.4.0/../../../avr/lib/avr5/libm.a(fp_round.o)
 .text          0x000000000000130c        0x0 /usr/lib/gcc/avr/5.4.0/../../../avr/lib/avr5/libm.a(fp_split3.o)
 .text          0x000000000000130c        0x0 /usr/lib/gcc/avr/5.4.0/../../../avr/lib/avr5/libm.a(fp_zero.o)
 .text          0x000000000000130c        0x0 /usr/lib/gcc/avr/5.4.0/../../../avr/lib/avr5/libm.a(mulsf3.o)
 .text          0x000000000000130c        0x0 /usr/lib/gcc/avr/5.4.0/../../../avr/lib/avr5/libm.a(mulsf3x.o)
                0x000000000000130c                . = ALIGN (0x2)
 *(.text.*)
 .text.startup  0x000000000000130c       0x90 obj/Release/main.o
                0x000000000000130c                main
 .text.libgcc.mul
                0x000000000000139c        0x0 /usr/lib/gcc/avr/5.4.0/avr5/libgcc.a(_udivmodqi4.o)
 .text.libgcc.div
                0x000000000000139c       0x18 /usr/lib/gcc/avr/5.4.0/avr5/libgcc.a(_udivmodqi4.o)
                0x000000000000139c                __udivmodqi4
 .text.libgcc   0x00000000000013b4        0x0 /usr/lib/gcc/avr/5.4.0/avr5/libgcc.a(_udivmodqi4.o)
 .text.libgcc.prologue
                0x00000000000013b4        0x0 /usr/lib/gcc/avr/5.4.0/avr5/libgcc.a(_udivmodqi4.o)
 .text.libgcc.builtins
                0x00000000000013b4        0x0 /usr/lib/gcc/avr/5.4.0/avr5/libgcc.a(_udivmodqi4.o)
 .text.libgcc.fmul
                0x00000000000013b4        0x0 /usr/lib/gcc/avr/5.4.0/avr5/libgcc.a(_udivmodqi4.o)
 .text.libgcc.fixed
                0x00000000000013b4        0x0 /usr/lib/gcc/avr/5.4.0/avr5/libgcc.a(_udivmodqi4.o)
 .text.libgcc.mul
                0x00000000000013b4        0x0 /usr/lib/gcc/avr/5.4.0/avr5/libgcc.a(_udivmodsi4.o)
 .text.libgcc.div
                0x00000000000013b4       0x44 /usr/lib/gcc/avr/5.4.0/avr5/libgcc.a(_udivmodsi4.o)
                0x00000000000013b4                __udivmodsi4
 .text.libgcc   0x00000000000013f8        0x0 /usr/lib/gcc/avr/5.4.0/avr5/libgcc.a(_udivmodsi4.o)
 .text.libgcc.prologue
                0x00000000000013f8        0x0 /usr/lib/gcc/avr/5.4.0/avr5/libgcc.a(_udivmodsi4.o)
 .text.libgcc.builtins
                0x00000000000013f8        0x0 /usr/lib/gcc/avr/5.4.0/avr5/libgcc.a(_udivmodsi4.o)
 .text.libgcc.fmul
                0x00000000000013f8        0x0 /usr/lib/gcc/avr/5.4.0/avr5/libgcc.a(_udivmodsi4.o)
 .text.libgcc.fixed
                0x00000000000013f8        0x0 /usr/lib/gcc/avr/5.4.0/avr5/libgcc.a(_udivmodsi4.o)
 .text.libgcc.mul
                0x00000000000013f8        0x0 /usr/lib/gcc/avr/5.4.0/avr5/libgcc.a(_exit.o)
 .text.libgcc.div
                0x00000000000013f8        0x0 /usr/lib/gcc/avr/5.4.0/avr5/libgcc.a(_exit.o)
 .text.libgcc   0x00000000000013f8        0x0 /usr/lib/gcc/avr/5.4.0/avr5/libgcc.a(_exit.o)
 .text.libgcc.prologue
                0x00000000000013f8        0x0 /usr/lib/gcc/avr/5.4.0/avr5/libgcc.a(_exit.o)
 .text.libgcc.builtins
                0x00000000000013f8        0x0 /usr/lib/gcc/avr/5.4.0/avr5/libgcc.a(_exit.o)
 .text.libgcc.fmul
                0x00000000000013f8        0x0 /usr/lib/gcc/avr/5.4.0/avr5/libgcc.a(_exit.o)
 .text.libgcc.fixed
                0x00000000000013f8        0x0 /usr/lib/gcc/avr/5.4.0/avr5/libgcc.a(_exit.o)
 .text.libgcc.mul
                0x00000000000013f8        0x0 /usr/lib/gcc/avr/5.4.0/avr5/libgcc.a(_copy_data.o)
 .text.libgcc.div
                0x00000000000013f8        0x0 /usr/lib/gcc/avr/5.4.0/avr5/libgcc.a(_copy_data.o)
 .text.libgcc   0x00000000000013f8        0x0 /usr/lib/gcc/avr/5.4.0/avr5/libgcc.a(_copy_data.o)
 .text.libgcc.prologue
                0x00000000000013f8        0x0 /usr/lib/gcc/avr/5.4.0/avr5/libgcc.a(_copy_data.o)
 .text.libgcc.builtins
                0x00000000000013f8        0x0 /usr/lib/gcc/avr/5.4.0/avr5/libgcc.a(_copy_data.o)
 .text.libgcc.fmul
                0x00000000000013f8        0x0 /usr/lib/gcc/avr/5.4.0/avr5/libgcc.a(_copy_data.o)
 .text.libgcc.fixed
                0x00000000000013f8        0x0 /usr/lib/gcc/avr/5.4.0/avr5/libgcc.a(_copy_data.o)
 .text.libgcc.mul
                0x00000000000013f8        0x0 /usr/lib/gcc/avr/5.4.0/avr5/libgcc.a(_clear_bss.o)
 .text.libgcc.div
                0x00000000000013f8        0x0 /usr/lib/gcc/avr/5.4.0/avr5/libgcc.a(_clear_bss.o)
 .text.libgcc   0x00000000000013f8        0x0 /usr/lib/gcc/avr/5.4.0/avr5/libgcc.a(_clear_bss.o)
 .text.libgcc.prologue
                0x00000000000013f8        0x0 /usr/lib/gcc/avr/5.4.0/avr5/libgcc.a(_clear_bss.o)
 .text.libgcc.builtins
                0x00000000000013f8        0x0 /usr/lib/gcc/avr/5.4.0/avr5/libgcc.a(_clear_bss.o)
 .text.libgcc.fmul
                0x00000000000013f8        0x0 /usr/lib/gcc/avr/5.4.0/avr5/libgcc.a(_clear_bss.o)
 .text.libgcc.fixed
                0x00000000000013f8        0x0 /usr/lib/gcc/avr/5.4.0/avr5/libgcc.a(_clear_bss.o)
 .text.avr-libc.fplib
                0x00000000000013f8        0xe /usr/lib/gcc/avr/5.4.0/../../../avr/lib/avr5/libm.a(addsf3.o)
                0x00000000000013f8                __subsf3
                0x00000000000013fa                __addsf3
 .text.avr-libc.fplib
                0x0000000000001406       0xcc /usr/lib/gcc/avr/5.4.0/../../../avr/lib/avr5/libm.a(addsf3x.o)
                0x0000000000001428                __addsf3x
 .text.avr-libc.fplib
                0x00000000000014d2       0x5e /usr/lib/gcc/avr/5.4.0/../../../avr/lib/avr5/libm.a(fixunssfsi.o)
                0x00000000000014d2                __fixunssfsi
 .text.avr-libc.fplib
                0x0000000000001530       0x7a /usr/lib/gcc/avr/5.4.0/../../../avr/lib/avr5/libm.a(floatsisf.o)
                0x0000000000001530                __floatunsisf
                0x0000000000001534                __floatsisf
 .text.avr-libc.fplib
                0x00000000000015aa        0xc /usr/lib/gcc/avr/5.4.0/../../../avr/lib/avr5/libm.a(fp_inf.o)
                0x00000000000015aa                __fp_inf
 .text.avr-libc.fplib
                0x00000000000015b6        0x6 /usr/lib/gcc/avr/5.4.0/../../../avr/lib/avr5/libm.a(fp_nan.o)
                0x00000000000015b6                __fp_nan
 .text.avr-libc.fplib
                0x00000000000015bc        0xe /usr/lib/gcc/avr/5.4.0/../../../avr/lib/avr5/libm.a(fp_pscA.o)
                0x00000000000015bc                __fp_pscA
 .text.avr-libc.fplib
                0x00000000000015ca        0xe /usr/lib/gcc/avr/5.4.0/../../../avr/lib/avr5/libm.a(fp_pscB.o)
                0x00000000000015ca                __fp_pscB
 .text.avr-libc.fplib
                0x00000000000015d8       0x22 /usr/lib/gcc/avr/5.4.0/../../../avr/lib/avr5/libm.a(fp_round.o)
                0x00000000000015d8                __fp_round
 .text.avr-libc.fplib
                0x00000000000015fa       0x44 /usr/lib/gcc/avr/5.4.0/../../../avr/lib/avr5/libm.a(fp_split3.o)
                0x00000000000015fa                __fp_split3
                0x000000000000160a                __fp_splitA
 .text.avr-libc.fplib
                0x000000000000163e        0xe /usr/lib/gcc/avr/5.4.0/../../../avr/lib/avr5/libm.a(fp_zero.o)
                0x000000000000163e                __fp_zero
                0x0000000000001640                __fp_szero
 .text.avr-libc.fplib
                0x000000000000164c        0x8 /usr/lib/gcc/avr/5.4.0/../../../avr/lib/avr5/libm.a(mulsf3.o)
                0x000000000000164c                __mulsf3
 .text.avr-libc.fplib
                0x0000000000001654       0xd2 /usr/lib/gcc/avr/5.4.0/../../../avr/lib/avr5/libm.a(mulsf3x.o)
                0x0000000000001672                __mulsf3x
                0x0000000000001678                __mulsf3_pse
                0x0000000000001726                . = ALIGN (0x2)
 *(.fini9)
 .fini9         0x0000000000001726        0x0 /usr/lib/gcc/avr/5.4.0/avr5/libgcc.a(_exit.o)
                0x0000000000001726                exit
                0x0000000000001726                _exit
 *(.fini9)
 *(.fini8)
 *(.fini8)
 *(.fini7)
 *(.fini7)
 *(.fini6)
 *(.fini6)
 *(.fini5)
 *(.fini5)
 *(.fini4)
 *(.fini4)
 *(.fini3)
 *(.fini3)
 *(.fini2)
 *(.fini2)
 *(.fini1)
 *(.fini1)
 *(.fini0)
 .fini0         0x0000000000001726        0x4 /usr/lib/gcc/avr/5.4.0/avr5/libgcc.a(_exit.o)
 *(.fini0)
                0x000000000000172a                _etext = .

.data           0x0000000000800100      0x28a load address 0x000000000000172a
                0x0000000000800100                PROVIDE (__data_start, .)
 *(.data)
 .data          0x0000000000800100        0x0 /usr/lib/gcc/avr/5.4.0/../../../avr/lib/avr5/crtatmega328p.o
 .data          0x0000000000800100        0x0 obj/Release/fuse.o
 .data          0x0000000000800100        0x0 obj/Release/main.o
 .data          0x0000000000800100        0x0 obj/Release/Scheduler/OS/OS.o
 .data          0x0000000000800100        0x0 obj/Release/Scheduler/Task0/Task0.o
 .data          0x0000000000800100        0x0 obj/Release/Scheduler/Task1/Task1.o
 .data          0x0000000000800100        0x0 obj/Release/Scheduler/Task2/Task2.o
 .data          0x0000000000800100        0x0 obj/Release/Scheduler/Task3/Task3.o
 .data          0x0000000000800100        0x0 obj/Release/Scheduler/Task4/Task4.o
 .data          0x0000000000800100        0x1 obj/Release/Scheduler/Task5/Task5.o
                0x0000000000800100                k
 .data          0x0000000000800101        0x0 obj/Release/utilis/i2c.o
 .data          0x0000000000800101        0x0 obj/Release/utilis/lcd.o
 .data          0x0000000000800101        0x0 obj/Release/utilis/ledNbutton.o
 .data          0x0000000000800101        0x0 obj/Release/utilis/SSD1306.o
 .data          0x0000000000800101        0x0 obj/Release/utilis/utils.o
 .data          0x0000000000800101        0x0 /usr/lib/gcc/avr/5.4.0/avr5/libgcc.a(_udivmodqi4.o)
 .data          0x0000000000800101        0x0 /usr/lib/gcc/avr/5.4.0/avr5/libgcc.a(_udivmodsi4.o)
 .data          0x0000000000800101        0x0 /usr/lib/gcc/avr/5.4.0/avr5/libgcc.a(_exit.o)
 .data          0x0000000000800101        0x0 /usr/lib/gcc/avr/5.4.0/avr5/libgcc.a(_copy_data.o)
 .data          0x0000000000800101        0x0 /usr/lib/gcc/avr/5.4.0/avr5/libgcc.a(_clear_bss.o)
 .data          0x0000000000800101        0x0 /usr/lib/gcc/avr/5.4.0/../../../avr/lib/avr5/libm.a(addsf3.o)
 .data          0x0000000000800101        0x0 /usr/lib/gcc/avr/5.4.0/../../../avr/lib/avr5/libm.a(addsf3x.o)
 .data          0x0000000000800101        0x0 /usr/lib/gcc/avr/5.4.0/../../../avr/lib/avr5/libm.a(fixunssfsi.o)
 .data          0x0000000000800101        0x0 /usr/lib/gcc/avr/5.4.0/../../../avr/lib/avr5/libm.a(floatsisf.o)
 .data          0x0000000000800101        0x0 /usr/lib/gcc/avr/5.4.0/../../../avr/lib/avr5/libm.a(fp_inf.o)
 .data          0x0000000000800101        0x0 /usr/lib/gcc/avr/5.4.0/../../../avr/lib/avr5/libm.a(fp_nan.o)
 .data          0x0000000000800101        0x0 /usr/lib/gcc/avr/5.4.0/../../../avr/lib/avr5/libm.a(fp_pscA.o)
 .data          0x0000000000800101        0x0 /usr/lib/gcc/avr/5.4.0/../../../avr/lib/avr5/libm.a(fp_pscB.o)
 .data          0x0000000000800101        0x0 /usr/lib/gcc/avr/5.4.0/../../../avr/lib/avr5/libm.a(fp_round.o)
 .data          0x0000000000800101        0x0 /usr/lib/gcc/avr/5.4.0/../../../avr/lib/avr5/libm.a(fp_split3.o)
 .data          0x0000000000800101        0x0 /usr/lib/gcc/avr/5.4.0/../../../avr/lib/avr5/libm.a(fp_zero.o)
 .data          0x0000000000800101        0x0 /usr/lib/gcc/avr/5.4.0/../../../avr/lib/avr5/libm.a(mulsf3.o)
 .data          0x0000000000800101        0x0 /usr/lib/gcc/avr/5.4.0/../../../avr/lib/avr5/libm.a(mulsf3x.o)
 *(.data*)
 *(.gnu.linkonce.d*)
 *(.rodata)
 .rodata        0x0000000000800101       0x22 obj/Release/utilis/i2c.o
 .rodata        0x0000000000800123      0x1db obj/Release/utilis/SSD1306.o
                0x0000000000800123                OledFontTable
 *(.rodata*)
 .rodata.str1.1
                0x00000000008002fe       0x7e obj/Release/Scheduler/Task1/Task1.o
 .rodata.str1.1
                0x000000000080037c        0xd obj/Release/utilis/utils.o
 *(.gnu.linkonce.r*)
                0x000000000080038a                . = ALIGN (0x2)
 *fill*         0x0000000000800389        0x1 
                0x000000000080038a                _edata = .
                0x000000000080038a                PROVIDE (__data_end, .)

.bss            0x000000000080038a       0x4f
                0x000000000080038a                PROVIDE (__bss_start, .)
 *(.bss)
 .bss           0x000000000080038a        0x0 /usr/lib/gcc/avr/5.4.0/../../../avr/lib/avr5/crtatmega328p.o
 .bss           0x000000000080038a        0x0 obj/Release/fuse.o
 .bss           0x000000000080038a        0x0 obj/Release/main.o
 .bss           0x000000000080038a       0x3d obj/Release/Scheduler/OS/OS.o
 .bss           0x00000000008003c7        0x0 obj/Release/Scheduler/Task0/Task0.o
 .bss           0x00000000008003c7        0x0 obj/Release/Scheduler/Task1/Task1.o
 .bss           0x00000000008003c7        0x0 obj/Release/Scheduler/Task2/Task2.o
 .bss           0x00000000008003c7        0x0 obj/Release/Scheduler/Task3/Task3.o
 .bss           0x00000000008003c7        0x0 obj/Release/Scheduler/Task4/Task4.o
 .bss           0x00000000008003c7        0x7 obj/Release/Scheduler/Task5/Task5.o
                0x00000000008003c7                time
                0x00000000008003c9                lv3
                0x00000000008003ca                lv2
                0x00000000008003cb                lv1
                0x00000000008003cc                statusFill
                0x00000000008003cd                status
 .bss           0x00000000008003ce        0x1 obj/Release/utilis/i2c.o
 .bss           0x00000000008003cf        0x0 obj/Release/utilis/lcd.o
 .bss           0x00000000008003cf        0x2 obj/Release/utilis/ledNbutton.o
 .bss           0x00000000008003d1        0x0 obj/Release/utilis/SSD1306.o
 .bss           0x00000000008003d1        0x0 obj/Release/utilis/utils.o
 .bss           0x00000000008003d1        0x0 /usr/lib/gcc/avr/5.4.0/avr5/libgcc.a(_udivmodqi4.o)
 .bss           0x00000000008003d1        0x0 /usr/lib/gcc/avr/5.4.0/avr5/libgcc.a(_udivmodsi4.o)
 .bss           0x00000000008003d1        0x0 /usr/lib/gcc/avr/5.4.0/avr5/libgcc.a(_exit.o)
 .bss           0x00000000008003d1        0x0 /usr/lib/gcc/avr/5.4.0/avr5/libgcc.a(_copy_data.o)
 .bss           0x00000000008003d1        0x0 /usr/lib/gcc/avr/5.4.0/avr5/libgcc.a(_clear_bss.o)
 .bss           0x00000000008003d1        0x0 /usr/lib/gcc/avr/5.4.0/../../../avr/lib/avr5/libm.a(addsf3.o)
 .bss           0x00000000008003d1        0x0 /usr/lib/gcc/avr/5.4.0/../../../avr/lib/avr5/libm.a(addsf3x.o)
 .bss           0x00000000008003d1        0x0 /usr/lib/gcc/avr/5.4.0/../../../avr/lib/avr5/libm.a(fixunssfsi.o)
 .bss           0x00000000008003d1        0x0 /usr/lib/gcc/avr/5.4.0/../../../avr/lib/avr5/libm.a(floatsisf.o)
 .bss           0x00000000008003d1        0x0 /usr/lib/gcc/avr/5.4.0/../../../avr/lib/avr5/libm.a(fp_inf.o)
 .bss           0x00000000008003d1        0x0 /usr/lib/gcc/avr/5.4.0/../../../avr/lib/avr5/libm.a(fp_nan.o)
 .bss           0x00000000008003d1        0x0 /usr/lib/gcc/avr/5.4.0/../../../avr/lib/avr5/libm.a(fp_pscA.o)
 .bss           0x00000000008003d1        0x0 /usr/lib/gcc/avr/5.4.0/../../../avr/lib/avr5/libm.a(fp_pscB.o)
 .bss           0x00000000008003d1        0x0 /usr/lib/gcc/avr/5.4.0/../../../avr/lib/avr5/libm.a(fp_round.o)
 .bss           0x00000000008003d1        0x0 /usr/lib/gcc/avr/5.4.0/../../../avr/lib/avr5/libm.a(fp_split3.o)
 .bss           0x00000000008003d1        0x0 /usr/lib/gcc/avr/5.4.0/../../../avr/lib/avr5/libm.a(fp_zero.o)
 .bss           0x00000000008003d1        0x0 /usr/lib/gcc/avr/5.4.0/../../../avr/lib/avr5/libm.a(mulsf3.o)
 .bss           0x00000000008003d1        0x0 /usr/lib/gcc/avr/5.4.0/../../../avr/lib/avr5/libm.a(mulsf3x.o)
 *(.bss*)
 *(COMMON)
 COMMON         0x00000000008003d1        0x2 obj/Release/Scheduler/Task0/Task0.o
                0x00000000008003d1                flag
                0x00000000008003d2                but
 COMMON         0x00000000008003d3        0x2 obj/Release/Scheduler/Task4/Task4.o
                0x00000000008003d3                adc_level
 COMMON         0x00000000008003d5        0x2 obj/Release/Scheduler/Task5/Task5.o
                0x00000000008003d5                sumlevel
                0x00000000008003d6                level
 COMMON         0x00000000008003d7        0x2 obj/Release/utilis/SSD1306.o
                0x00000000008003d7                OledLineNum
                0x00000000008003d8                OledCursorPos
                0x00000000008003d9                PROVIDE (__bss_end, .)
                0x000000000000172a                __data_load_start = LOADADDR (.data)
                0x00000000000019b4                __data_load_end = (__data_load_start + SIZEOF (.data))

.noinit         0x00000000008003d9        0x0
                [!provide]                        PROVIDE (__noinit_start, .)
 *(.noinit*)
                [!provide]                        PROVIDE (__noinit_end, .)
                0x00000000008003d9                _end = .
                [!provide]                        PROVIDE (__heap_start, .)

.eeprom         0x0000000000810000        0x0
 *(.eeprom*)
                0x0000000000810000                __eeprom_end = .

.fuse           0x0000000000820000        0x3
 *(.fuse)
 .fuse          0x0000000000820000        0x3 obj/Release/fuse.o
                0x0000000000820000                __fuse
 *(.lfuse)
 *(.hfuse)
 *(.efuse)

.lock
 *(.lock*)

.signature
 *(.signature*)

.user_signatures
 *(.user_signatures*)

.stab
 *(.stab)

.stabstr
 *(.stabstr)

.stab.excl
 *(.stab.excl)

.stab.exclstr
 *(.stab.exclstr)

.stab.index
 *(.stab.index)

.stab.indexstr
 *(.stab.indexstr)

.comment        0x0000000000000000       0x11
 *(.comment)
 .comment       0x0000000000000000       0x11 obj/Release/fuse.o
                                         0x12 (size before relaxing)
 .comment       0x0000000000000011       0x12 obj/Release/main.o
 .comment       0x0000000000000011       0x12 obj/Release/Scheduler/OS/OS.o
 .comment       0x0000000000000011       0x12 obj/Release/Scheduler/Task0/Task0.o
 .comment       0x0000000000000011       0x12 obj/Release/Scheduler/Task1/Task1.o
 .comment       0x0000000000000011       0x12 obj/Release/Scheduler/Task2/Task2.o
 .comment       0x0000000000000011       0x12 obj/Release/Scheduler/Task3/Task3.o
 .comment       0x0000000000000011       0x12 obj/Release/Scheduler/Task4/Task4.o
 .comment       0x0000000000000011       0x12 obj/Release/Scheduler/Task5/Task5.o
 .comment       0x0000000000000011       0x12 obj/Release/utilis/i2c.o
 .comment       0x0000000000000011       0x12 obj/Release/utilis/lcd.o
 .comment       0x0000000000000011       0x12 obj/Release/utilis/ledNbutton.o
 .comment       0x0000000000000011       0x12 obj/Release/utilis/SSD1306.o
 .comment       0x0000000000000011       0x12 obj/Release/utilis/utils.o

.note.gnu.avr.deviceinfo
                0x0000000000000000       0x40
 .note.gnu.avr.deviceinfo
                0x0000000000000000       0x40 /usr/lib/gcc/avr/5.4.0/../../../avr/lib/avr5/crtatmega328p.o

.note.gnu.build-id
 *(.note.gnu.build-id)

.debug
 *(.debug)

.line
 *(.line)

.debug_srcinfo
 *(.debug_srcinfo)

.debug_sfnames
 *(.debug_sfnames)

.debug_aranges
 *(.debug_aranges)

.debug_pubnames
 *(.debug_pubnames)

.debug_info     0x0000000000000000      0x5f4
 *(.debug_info .gnu.linkonce.wi.*)
 .debug_info    0x0000000000000000      0x5f4 /usr/lib/gcc/avr/5.4.0/../../../avr/lib/avr5/crtatmega328p.o

.debug_abbrev   0x0000000000000000      0x5a2
 *(.debug_abbrev)
 .debug_abbrev  0x0000000000000000      0x5a2 /usr/lib/gcc/avr/5.4.0/../../../avr/lib/avr5/crtatmega328p.o

.debug_line     0x0000000000000000       0x1a
 *(.debug_line .debug_line.* .debug_line_end)
 .debug_line    0x0000000000000000       0x1a /usr/lib/gcc/avr/5.4.0/../../../avr/lib/avr5/crtatmega328p.o

.debug_frame
 *(.debug_frame)

.debug_str      0x0000000000000000      0x208
 *(.debug_str)
 .debug_str     0x0000000000000000      0x208 /usr/lib/gcc/avr/5.4.0/../../../avr/lib/avr5/crtatmega328p.o

.debug_loc
 *(.debug_loc)

.debug_macinfo
 *(.debug_macinfo)

.debug_weaknames
 *(.debug_weaknames)

.debug_funcnames
 *(.debug_funcnames)

.debug_typenames
 *(.debug_typenames)

.debug_varnames
 *(.debug_varnames)

.debug_pubtypes
 *(.debug_pubtypes)

.debug_ranges
 *(.debug_ranges)

.debug_macro
 *(.debug_macro)
OUTPUT(bin/Release/modul_uno.elf elf32-avr)
LOAD linker stubs

Cross Reference Table

Symbol                                            File
OLED_Clear                                        obj/Release/utilis/SSD1306.o
                                                  obj/Release/Scheduler/Task2/Task2.o
OLED_DisableInversion                             obj/Release/utilis/SSD1306.o
OLED_DisplayChar                                  obj/Release/utilis/SSD1306.o
OLED_DisplayFloatNumber                           obj/Release/utilis/SSD1306.o
OLED_DisplayLogo                                  obj/Release/utilis/SSD1306.o
OLED_DisplayNumber                                obj/Release/utilis/SSD1306.o
OLED_DisplayString                                obj/Release/utilis/SSD1306.o
OLED_EnableInversion                              obj/Release/utilis/SSD1306.o
OLED_GoToLine                                     obj/Release/utilis/SSD1306.o
OLED_GoToNextLine                                 obj/Release/utilis/SSD1306.o
OLED_HorizontalGraph                              obj/Release/utilis/SSD1306.o
OLED_Init                                         obj/Release/utilis/SSD1306.o
                                                  obj/Release/utilis/utils.o
OLED_Printf                                       obj/Release/utilis/SSD1306.o
OLED_ScrollMessage                                obj/Release/utilis/SSD1306.o
OLED_SetBrightness                                obj/Release/utilis/SSD1306.o
OLED_SetCursor                                    obj/Release/utilis/SSD1306.o
OLED_VerticalGraph                                obj/Release/utilis/SSD1306.o
                                                  obj/Release/Scheduler/Task2/Task2.o
OS_GetTaskBurstTime                               obj/Release/Scheduler/OS/OS.o
OS_GetTaskCntTime                                 obj/Release/Scheduler/OS/OS.o
OS_GetTaskSate                                    obj/Release/Scheduler/OS/OS.o
OS_SetTaskBurstTime                               obj/Release/Scheduler/OS/OS.o
OS_SetTaskCntTime                                 obj/Release/Scheduler/OS/OS.o
OS_SetTaskSate                                    obj/Release/Scheduler/OS/OS.o
OS_TaskCreate                                     obj/Release/Scheduler/OS/OS.o
                                                  obj/Release/main.o
OS_TaskExecution                                  obj/Release/Scheduler/OS/OS.o
                                                  obj/Release/main.o
OS_TaskTimer                                      obj/Release/Scheduler/OS/OS.o
                                                  obj/Release/main.o
OledCursorPos                                     obj/Release/utilis/SSD1306.o
OledFontTable                                     obj/Release/utilis/SSD1306.o
OledLineNum                                       obj/Release/utilis/SSD1306.o
Task0_LED_n_BUT                                   obj/Release/Scheduler/Task0/Task0.o
                                                  obj/Release/main.o
Task1_LCD                                         obj/Release/Scheduler/Task1/Task1.o
                                                  obj/Release/main.o
Task2_OLED                                        obj/Release/Scheduler/Task2/Task2.o
                                                  obj/Release/main.o
Task3_Rele                                        obj/Release/Scheduler/Task3/Task3.o
                                                  obj/Release/main.o
Task4_adc                                         obj/Release/Scheduler/Task4/Task4.o
                                                  obj/Release/main.o
Task5_statusMaker                                 obj/Release/Scheduler/Task5/Task5.o
                                                  obj/Release/main.o
__FUSE_REGION_LENGTH__                            /usr/lib/gcc/avr/5.4.0/../../../avr/lib/avr5/crtatmega328p.o
__addsf3                                          /usr/lib/gcc/avr/5.4.0/../../../avr/lib/avr5/libm.a(addsf3.o)
__addsf3x                                         /usr/lib/gcc/avr/5.4.0/../../../avr/lib/avr5/libm.a(addsf3x.o)
                                                  /usr/lib/gcc/avr/5.4.0/../../../avr/lib/avr5/libm.a(addsf3.o)
__bad_interrupt                                   /usr/lib/gcc/avr/5.4.0/../../../avr/lib/avr5/crtatmega328p.o
__bss_end                                         /usr/lib/gcc/avr/5.4.0/avr5/libgcc.a(_clear_bss.o)
__bss_start                                       /usr/lib/gcc/avr/5.4.0/avr5/libgcc.a(_clear_bss.o)
__data_end                                        /usr/lib/gcc/avr/5.4.0/avr5/libgcc.a(_copy_data.o)
__data_load_start                                 /usr/lib/gcc/avr/5.4.0/avr5/libgcc.a(_copy_data.o)
__data_start                                      /usr/lib/gcc/avr/5.4.0/avr5/libgcc.a(_copy_data.o)
__do_clear_bss                                    /usr/lib/gcc/avr/5.4.0/avr5/libgcc.a(_clear_bss.o)
                                                  obj/Release/utilis/SSD1306.o
                                                  obj/Release/utilis/ledNbutton.o
                                                  obj/Release/utilis/i2c.o
                                                  obj/Release/Scheduler/Task5/Task5.o
                                                  obj/Release/Scheduler/Task4/Task4.o
                                                  obj/Release/Scheduler/Task0/Task0.o
                                                  obj/Release/Scheduler/OS/OS.o
__do_copy_data                                    /usr/lib/gcc/avr/5.4.0/avr5/libgcc.a(_copy_data.o)
                                                  obj/Release/utilis/utils.o
                                                  obj/Release/utilis/SSD1306.o
                                                  obj/Release/utilis/i2c.o
                                                  obj/Release/Scheduler/Task5/Task5.o
                                                  obj/Release/Scheduler/Task1/Task1.o
__fixunssfsi                                      /usr/lib/gcc/avr/5.4.0/../../../avr/lib/avr5/libm.a(fixunssfsi.o)
                                                  obj/Release/utilis/SSD1306.o
__floatsisf                                       /usr/lib/gcc/avr/5.4.0/../../../avr/lib/avr5/libm.a(floatsisf.o)
__floatunsisf                                     /usr/lib/gcc/avr/5.4.0/../../../avr/lib/avr5/libm.a(floatsisf.o)
                                                  obj/Release/utilis/SSD1306.o
__fp_inf                                          /usr/lib/gcc/avr/5.4.0/../../../avr/lib/avr5/libm.a(fp_inf.o)
                                                  /usr/lib/gcc/avr/5.4.0/../../../avr/lib/avr5/libm.a(mulsf3x.o)
                                                  /usr/lib/gcc/avr/5.4.0/../../../avr/lib/avr5/libm.a(addsf3x.o)
__fp_nan                                          /usr/lib/gcc/avr/5.4.0/../../../avr/lib/avr5/libm.a(fp_nan.o)
                                                  /usr/lib/gcc/avr/5.4.0/../../../avr/lib/avr5/libm.a(mulsf3x.o)
                                                  /usr/lib/gcc/avr/5.4.0/../../../avr/lib/avr5/libm.a(addsf3x.o)
__fp_pscA                                         /usr/lib/gcc/avr/5.4.0/../../../avr/lib/avr5/libm.a(fp_pscA.o)
                                                  /usr/lib/gcc/avr/5.4.0/../../../avr/lib/avr5/libm.a(mulsf3x.o)
                                                  /usr/lib/gcc/avr/5.4.0/../../../avr/lib/avr5/libm.a(addsf3x.o)
__fp_pscB                                         /usr/lib/gcc/avr/5.4.0/../../../avr/lib/avr5/libm.a(fp_pscB.o)
                                                  /usr/lib/gcc/avr/5.4.0/../../../avr/lib/avr5/libm.a(mulsf3x.o)
                                                  /usr/lib/gcc/avr/5.4.0/../../../avr/lib/avr5/libm.a(addsf3x.o)
__fp_round                                        /usr/lib/gcc/avr/5.4.0/../../../avr/lib/avr5/libm.a(fp_round.o)
                                                  /usr/lib/gcc/avr/5.4.0/../../../avr/lib/avr5/libm.a(mulsf3.o)
                                                  /usr/lib/gcc/avr/5.4.0/../../../avr/lib/avr5/libm.a(addsf3.o)
__fp_split3                                       /usr/lib/gcc/avr/5.4.0/../../../avr/lib/avr5/libm.a(fp_split3.o)
                                                  /usr/lib/gcc/avr/5.4.0/../../../avr/lib/avr5/libm.a(mulsf3x.o)
                                                  /usr/lib/gcc/avr/5.4.0/../../../avr/lib/avr5/libm.a(addsf3x.o)
__fp_splitA                                       /usr/lib/gcc/avr/5.4.0/../../../avr/lib/avr5/libm.a(fp_split3.o)
                                                  /usr/lib/gcc/avr/5.4.0/../../../avr/lib/avr5/libm.a(fixunssfsi.o)
__fp_szero                                        /usr/lib/gcc/avr/5.4.0/../../../avr/lib/avr5/libm.a(fp_zero.o)
                                                  /usr/lib/gcc/avr/5.4.0/../../../avr/lib/avr5/libm.a(mulsf3x.o)
__fp_zero                                         /usr/lib/gcc/avr/5.4.0/../../../avr/lib/avr5/libm.a(fp_zero.o)
                                                  /usr/lib/gcc/avr/5.4.0/../../../avr/lib/avr5/libm.a(fixunssfsi.o)
                                                  /usr/lib/gcc/avr/5.4.0/../../../avr/lib/avr5/libm.a(addsf3x.o)
__fuse                                            obj/Release/fuse.o
__heap_end                                        /usr/lib/gcc/avr/5.4.0/../../../avr/lib/avr5/crtatmega328p.o
__init                                            /usr/lib/gcc/avr/5.4.0/../../../avr/lib/avr5/crtatmega328p.o
__mulsf3                                          /usr/lib/gcc/avr/5.4.0/../../../avr/lib/avr5/libm.a(mulsf3.o)
                                                  obj/Release/utilis/SSD1306.o
__mulsf3_pse                                      /usr/lib/gcc/avr/5.4.0/../../../avr/lib/avr5/libm.a(mulsf3x.o)
__mulsf3x                                         /usr/lib/gcc/avr/5.4.0/../../../avr/lib/avr5/libm.a(mulsf3x.o)
                                                  /usr/lib/gcc/avr/5.4.0/../../../avr/lib/avr5/libm.a(mulsf3.o)
__stack                                           /usr/lib/gcc/avr/5.4.0/../../../avr/lib/avr5/crtatmega328p.o
__subsf3                                          /usr/lib/gcc/avr/5.4.0/../../../avr/lib/avr5/libm.a(addsf3.o)
                                                  obj/Release/utilis/SSD1306.o
__udivmodqi4                                      /usr/lib/gcc/avr/5.4.0/avr5/libgcc.a(_udivmodqi4.o)
                                                  obj/Release/Scheduler/Task5/Task5.o
__udivmodsi4                                      /usr/lib/gcc/avr/5.4.0/avr5/libgcc.a(_udivmodsi4.o)
                                                  obj/Release/utilis/SSD1306.o
__vector_1                                        /usr/lib/gcc/avr/5.4.0/../../../avr/lib/avr5/crtatmega328p.o
__vector_10                                       /usr/lib/gcc/avr/5.4.0/../../../avr/lib/avr5/crtatmega328p.o
__vector_11                                       /usr/lib/gcc/avr/5.4.0/../../../avr/lib/avr5/crtatmega328p.o
__vector_12                                       /usr/lib/gcc/avr/5.4.0/../../../avr/lib/avr5/crtatmega328p.o
__vector_13                                       obj/Release/main.o
                                                  /usr/lib/gcc/avr/5.4.0/../../../avr/lib/avr5/crtatmega328p.o
__vector_14                                       /usr/lib/gcc/avr/5.4.0/../../../avr/lib/avr5/crtatmega328p.o
__vector_15                                       /usr/lib/gcc/avr/5.4.0/../../../avr/lib/avr5/crtatmega328p.o
__vector_16                                       /usr/lib/gcc/avr/5.4.0/../../../avr/lib/avr5/crtatmega328p.o
__vector_17                                       /usr/lib/gcc/avr/5.4.0/../../../avr/lib/avr5/crtatmega328p.o
__vector_18                                       /usr/lib/gcc/avr/5.4.0/../../../avr/lib/avr5/crtatmega328p.o
__vector_19                                       /usr/lib/gcc/avr/5.4.0/../../../avr/lib/avr5/crtatmega328p.o
__vector_2                                        /usr/lib/gcc/avr/5.4.0/../../../avr/lib/avr5/crtatmega328p.o
__vector_20                                       /usr/lib/gcc/avr/5.4.0/../../../avr/lib/avr5/crtatmega328p.o
__vector_21                                       /usr/lib/gcc/avr/5.4.0/../../../avr/lib/avr5/crtatmega328p.o
__vector_22                                       /usr/lib/gcc/avr/5.4.0/../../../avr/lib/avr5/crtatmega328p.o
__vector_23                                       /usr/lib/gcc/avr/5.4.0/../../../avr/lib/avr5/crtatmega328p.o
__vector_24                                       /usr/lib/gcc/avr/5.4.0/../../../avr/lib/avr5/crtatmega328p.o
__vector_25                                       /usr/lib/gcc/avr/5.4.0/../../../avr/lib/avr5/crtatmega328p.o
__vector_3                                        /usr/lib/gcc/avr/5.4.0/../../../avr/lib/avr5/crtatmega328p.o
__vector_4                                        /usr/lib/gcc/avr/5.4.0/../../../avr/lib/avr5/crtatmega328p.o
__vector_5                                        /usr/lib/gcc/avr/5.4.0/../../../avr/lib/avr5/crtatmega328p.o
__vector_6                                        /usr/lib/gcc/avr/5.4.0/../../../avr/lib/avr5/crtatmega328p.o
__vector_7                                        /usr/lib/gcc/avr/5.4.0/../../../avr/lib/avr5/crtatmega328p.o
__vector_8                                        /usr/lib/gcc/avr/5.4.0/../../../avr/lib/avr5/crtatmega328p.o
__vector_9                                        /usr/lib/gcc/avr/5.4.0/../../../avr/lib/avr5/crtatmega328p.o
__vector_default                                  /usr/lib/gcc/avr/5.4.0/../../../avr/lib/avr5/crtatmega328p.o
__vectors                                         /usr/lib/gcc/avr/5.4.0/../../../avr/lib/avr5/crtatmega328p.o
_exit                                             /usr/lib/gcc/avr/5.4.0/avr5/libgcc.a(_exit.o)
adc_level                                         obj/Release/Scheduler/Task4/Task4.o
                                                  obj/Release/Scheduler/Task5/Task5.o
adc_read                                          obj/Release/utilis/ledNbutton.o
                                                  obj/Release/Scheduler/Task4/Task4.o
but                                               obj/Release/Scheduler/Task0/Task0.o
                                                  obj/Release/Scheduler/Task5/Task5.o
cofigureWaterLevel                                obj/Release/utilis/utils.o
                                                  obj/Release/main.o
coifigureButtons                                  obj/Release/utilis/utils.o
                                                  obj/Release/main.o
configureLCD                                      obj/Release/utilis/utils.o
                                                  obj/Release/main.o
configureLEDs                                     obj/Release/utilis/utils.o
                                                  obj/Release/main.o
configureOLED                                     obj/Release/utilis/utils.o
                                                  obj/Release/main.o
configureReles                                    obj/Release/utilis/utils.o
                                                  obj/Release/main.o
exit                                              /usr/lib/gcc/avr/5.4.0/avr5/libgcc.a(_exit.o)
                                                  /usr/lib/gcc/avr/5.4.0/../../../avr/lib/avr5/crtatmega328p.o
flag                                              obj/Release/Scheduler/Task0/Task0.o
                                                  obj/Release/Scheduler/Task5/Task5.o
getButtonPrs                                      obj/Release/utilis/ledNbutton.o
                                                  obj/Release/Scheduler/Task0/Task0.o
getButtonSta                                      obj/Release/utilis/ledNbutton.o
i2c_init                                          obj/Release/utilis/i2c.o
                                                  obj/Release/utilis/SSD1306.o
i2c_rx_byte                                       obj/Release/utilis/i2c.o
i2c_timeout                                       obj/Release/utilis/i2c.o
i2c_tx_address                                    obj/Release/utilis/i2c.o
                                                  obj/Release/utilis/SSD1306.o
i2c_tx_byte                                       obj/Release/utilis/i2c.o
                                                  obj/Release/utilis/SSD1306.o
i2c_tx_start                                      obj/Release/utilis/i2c.o
                                                  obj/Release/utilis/SSD1306.o
i2c_tx_stop                                       obj/Release/utilis/i2c.o
                                                  obj/Release/utilis/SSD1306.o
k                                                 obj/Release/Scheduler/Task5/Task5.o
lcd_begin                                         obj/Release/utilis/lcd.o
                                                  obj/Release/utilis/utils.o
lcd_busy_wait                                     obj/Release/utilis/lcd.o
lcd_port_init_4Bit                                obj/Release/utilis/lcd.o
lcd_print                                         obj/Release/utilis/lcd.o
                                                  obj/Release/utilis/utils.o
                                                  obj/Release/Scheduler/Task1/Task1.o
lcd_set_cursor                                    obj/Release/utilis/lcd.o
                                                  obj/Release/utilis/utils.o
                                                  obj/Release/Scheduler/Task1/Task1.o
lcd_write_byte                                    obj/Release/utilis/lcd.o
lcd_write_cmd_byte                                obj/Release/utilis/lcd.o
lcd_write_cmd_with_delay                          obj/Release/utilis/lcd.o
lcd_write_nibble                                  obj/Release/utilis/lcd.o
ledClr                                            obj/Release/utilis/ledNbutton.o
                                                  obj/Release/Scheduler/Task0/Task0.o
ledSet                                            obj/Release/utilis/ledNbutton.o
                                                  obj/Release/Scheduler/Task0/Task0.o
ledTog                                            obj/Release/utilis/ledNbutton.o
                                                  obj/Release/Scheduler/Task0/Task0.o
level                                             obj/Release/Scheduler/Task5/Task5.o
                                                  obj/Release/Scheduler/Task2/Task2.o
lv1                                               obj/Release/Scheduler/Task5/Task5.o
lv2                                               obj/Release/Scheduler/Task5/Task5.o
lv3                                               obj/Release/Scheduler/Task5/Task5.o
main                                              obj/Release/main.o
                                                  /usr/lib/gcc/avr/5.4.0/../../../avr/lib/avr5/crtatmega328p.o
map_data_port                                     obj/Release/utilis/lcd.o
oledSendByte                                      obj/Release/utilis/SSD1306.o
oledSendCommand                                   obj/Release/utilis/SSD1306.o
oledSendStart                                     obj/Release/utilis/SSD1306.o
oledSendStop                                      obj/Release/utilis/SSD1306.o
releClr                                           obj/Release/utilis/ledNbutton.o
                                                  obj/Release/Scheduler/Task3/Task3.o
releSet                                           obj/Release/utilis/ledNbutton.o
                                                  obj/Release/utilis/utils.o
                                                  obj/Release/Scheduler/Task3/Task3.o
status                                            obj/Release/Scheduler/Task5/Task5.o
                                                  obj/Release/Scheduler/Task3/Task3.o
                                                  obj/Release/Scheduler/Task2/Task2.o
                                                  obj/Release/Scheduler/Task1/Task1.o
                                                  obj/Release/Scheduler/Task0/Task0.o
statusFill                                        obj/Release/Scheduler/Task5/Task5.o
                                                  obj/Release/Scheduler/Task3/Task3.o
sumlevel                                          obj/Release/Scheduler/Task5/Task5.o
                                                  obj/Release/Scheduler/Task2/Task2.o
time                                              obj/Release/Scheduler/Task5/Task5.o
